Archive member included because of file (symbol)

d:/eclipse/winavr-20100110/bin/../lib/gcc/avr/4.3.3/avr5\libgcc.a(_exit.o)
                              d:/eclipse/winavr-20100110/bin/../lib/gcc/avr/4.3.3/../../../../avr/lib/avr5/crtm16.o (exit)
d:/eclipse/winavr-20100110/bin/../lib/gcc/avr/4.3.3/avr5\libgcc.a(_clear_bss.o)
                              ./RTOS_program.o (__do_clear_bss)

Memory Configuration

Name             Origin             Length             Attributes
text             0x00000000         0x00020000         xr
data             0x00800060         0x0000ffa0         rw !x
eeprom           0x00810000         0x00010000         rw !x
fuse             0x00820000         0x00000400         rw !x
lock             0x00830000         0x00000400         rw !x
signature        0x00840000         0x00000400         rw !x
*default*        0x00000000         0xffffffff

Linker script and memory map

LOAD d:/eclipse/winavr-20100110/bin/../lib/gcc/avr/4.3.3/../../../../avr/lib/avr5/crtm16.o
LOAD ./DIO_program.o
LOAD ./GIE_program.o
LOAD ./RTOS_program.o
LOAD ./TIMER_program.o
LOAD ./main.o
LOAD d:/eclipse/winavr-20100110/bin/../lib/gcc/avr/4.3.3/avr5\libgcc.a
LOAD d:/eclipse/winavr-20100110/bin/../lib/gcc/avr/4.3.3/../../../../avr/lib/avr5\libc.a
LOAD d:/eclipse/winavr-20100110/bin/../lib/gcc/avr/4.3.3/avr5\libgcc.a

.hash
 *(.hash)

.dynsym
 *(.dynsym)

.dynstr
 *(.dynstr)

.gnu.version
 *(.gnu.version)

.gnu.version_d
 *(.gnu.version_d)

.gnu.version_r
 *(.gnu.version_r)

.rel.init
 *(.rel.init)

.rela.init
 *(.rela.init)

.rel.text
 *(.rel.text)
 *(.rel.text.*)
 *(.rel.gnu.linkonce.t*)

.rela.text
 *(.rela.text)
 *(.rela.text.*)
 *(.rela.gnu.linkonce.t*)

.rel.fini
 *(.rel.fini)

.rela.fini
 *(.rela.fini)

.rel.rodata
 *(.rel.rodata)
 *(.rel.rodata.*)
 *(.rel.gnu.linkonce.r*)

.rela.rodata
 *(.rela.rodata)
 *(.rela.rodata.*)
 *(.rela.gnu.linkonce.r*)

.rel.data
 *(.rel.data)
 *(.rel.data.*)
 *(.rel.gnu.linkonce.d*)

.rela.data
 *(.rela.data)
 *(.rela.data.*)
 *(.rela.gnu.linkonce.d*)

.rel.ctors
 *(.rel.ctors)

.rela.ctors
 *(.rela.ctors)

.rel.dtors
 *(.rel.dtors)

.rela.dtors
 *(.rela.dtors)

.rel.got
 *(.rel.got)

.rela.got
 *(.rela.got)

.rel.bss
 *(.rel.bss)

.rela.bss
 *(.rela.bss)

.rel.plt
 *(.rel.plt)

.rela.plt
 *(.rela.plt)

.text           0x00000000     0x1132
 *(.vectors)
 .vectors       0x00000000       0x54 d:/eclipse/winavr-20100110/bin/../lib/gcc/avr/4.3.3/../../../../avr/lib/avr5/crtm16.o
                0x00000000                __vectors
                0x00000000                __vector_default
 *(.vectors)
 *(.progmem.gcc*)
 *(.progmem*)
                0x00000054                . = ALIGN (0x2)
                0x00000054                __trampolines_start = .
 *(.trampolines)
 .trampolines   0x00000054        0x0 linker stubs
 *(.trampolines*)
                0x00000054                __trampolines_end = .
 *(.jumptables)
 *(.jumptables*)
 *(.lowtext)
 *(.lowtext*)
                0x00000054                __ctors_start = .
 *(.ctors)
                0x00000054                __ctors_end = .
                0x00000054                __dtors_start = .
 *(.dtors)
                0x00000054                __dtors_end = .
 SORT(*)(.ctors)
 SORT(*)(.dtors)
 *(.init0)
 .init0         0x00000054        0x0 d:/eclipse/winavr-20100110/bin/../lib/gcc/avr/4.3.3/../../../../avr/lib/avr5/crtm16.o
                0x00000054                __init
 *(.init0)
 *(.init1)
 *(.init1)
 *(.init2)
 .init2         0x00000054        0xc d:/eclipse/winavr-20100110/bin/../lib/gcc/avr/4.3.3/../../../../avr/lib/avr5/crtm16.o
 *(.init2)
 *(.init3)
 *(.init3)
 *(.init4)
 .init4         0x00000060       0x10 d:/eclipse/winavr-20100110/bin/../lib/gcc/avr/4.3.3/avr5\libgcc.a(_clear_bss.o)
                0x00000060                __do_clear_bss
 *(.init4)
 *(.init5)
 *(.init5)
 *(.init6)
 *(.init6)
 *(.init7)
 *(.init7)
 *(.init8)
 *(.init8)
 *(.init9)
 .init9         0x00000070        0x8 d:/eclipse/winavr-20100110/bin/../lib/gcc/avr/4.3.3/../../../../avr/lib/avr5/crtm16.o
 *(.init9)
 *(.text)
 .text          0x00000078        0x4 d:/eclipse/winavr-20100110/bin/../lib/gcc/avr/4.3.3/../../../../avr/lib/avr5/crtm16.o
                0x00000078                __vector_1
                0x00000078                __vector_12
                0x00000078                __bad_interrupt
                0x00000078                __vector_6
                0x00000078                __vector_3
                0x00000078                __vector_11
                0x00000078                __vector_13
                0x00000078                __vector_17
                0x00000078                __vector_19
                0x00000078                __vector_7
                0x00000078                __vector_5
                0x00000078                __vector_4
                0x00000078                __vector_9
                0x00000078                __vector_2
                0x00000078                __vector_15
                0x00000078                __vector_8
                0x00000078                __vector_14
                0x00000078                __vector_16
                0x00000078                __vector_18
                0x00000078                __vector_20
 .text          0x0000007c        0x0 ./DIO_program.o
 .text          0x0000007c        0x0 ./GIE_program.o
 .text          0x0000007c        0x0 ./RTOS_program.o
 .text          0x0000007c        0x0 ./TIMER_program.o
 .text          0x0000007c        0x0 ./main.o
 .text          0x0000007c        0x0 d:/eclipse/winavr-20100110/bin/../lib/gcc/avr/4.3.3/avr5\libgcc.a(_exit.o)
 .text          0x0000007c        0x0 d:/eclipse/winavr-20100110/bin/../lib/gcc/avr/4.3.3/avr5\libgcc.a(_clear_bss.o)
                0x0000007c                . = ALIGN (0x2)
 *(.text.*)
 .text.DIO_setPinDirection
                0x0000007c      0x21e ./DIO_program.o
                0x0000007c                DIO_setPinDirection
 .text.DIO_setPinValue
                0x0000029a      0x21e ./DIO_program.o
                0x0000029a                DIO_setPinValue
 .text.DIO_setPortDirection
                0x000004b8      0x10e ./DIO_program.o
                0x000004b8                DIO_setPortDirection
 .text.DIO_uint8_setPortValue
                0x000005c6      0x10e ./DIO_program.o
                0x000005c6                DIO_uint8_setPortValue
 .text.DIO_uint8_getPinValue
                0x000006d4      0x126 ./DIO_program.o
                0x000006d4                DIO_uint8_getPinValue
 .text.DIO_TogPinValue
                0x000007fa      0x11a ./DIO_program.o
                0x000007fa                DIO_TogPinValue
 .text.DIO_setInterrnalalPullup
                0x00000914       0x2c ./DIO_program.o
                0x00000914                DIO_setInterrnalalPullup
 .text.DIO_setHighFourPins
                0x00000940       0xfe ./DIO_program.o
                0x00000940                DIO_setHighFourPins
 .text.GIE_voidEnableGlobleInterrupt
                0x00000a3e       0x1c ./GIE_program.o
                0x00000a3e                GIE_voidEnableGlobleInterrupt
 .text.GIE_voidDisableGlobleInterrupt
                0x00000a5a       0x1c ./GIE_program.o
                0x00000a5a                GIE_voidDisableGlobleInterrupt
 .text.RTOS_void_Start
                0x00000a76       0x1e ./RTOS_program.o
                0x00000a76                RTOS_void_Start
 .text.RTOS_uint8_CreateTask
                0x00000a94       0xf8 ./RTOS_program.o
                0x00000a94                RTOS_uint8_CreateTask
 .text.RTOS_void_suspendTask
                0x00000b8c       0x36 ./RTOS_program.o
                0x00000b8c                RTOS_void_suspendTask
 .text.Schedular
                0x00000bc2      0x150 ./RTOS_program.o
 .text.Timer0_Normal
                0x00000d12       0x7e ./TIMER_program.o
                0x00000d12                Timer0_Normal
 .text.Timer0_ctc
                0x00000d90       0x94 ./TIMER_program.o
                0x00000d90                Timer0_ctc
 .text.Timer0_PWM_FAST
                0x00000e24       0x86 ./TIMER_program.o
                0x00000e24                Timer0_PWM_FAST
 .text.Timer0_PWM_PHASE
                0x00000eaa       0x86 ./TIMER_program.o
                0x00000eaa                Timer0_PWM_PHASE
 .text.TIMER1_10_BIT
                0x00000f30       0xa4 ./TIMER_program.o
                0x00000f30                TIMER1_10_BIT
 .text.Timer0_uint8_CompareMatchSetCallBack
                0x00000fd4       0x38 ./TIMER_program.o
                0x00000fd4                Timer0_uint8_CompareMatchSetCallBack
 .text.__vector_10
                0x0000100c       0x66 ./TIMER_program.o
                0x0000100c                __vector_10
 .text.led1     0x00001072       0x1e ./main.o
                0x00001072                led1
 .text.led2     0x00001090       0x1e ./main.o
                0x00001090                led2
 .text.led3     0x000010ae       0x1e ./main.o
                0x000010ae                led3
 .text.main     0x000010cc       0x62 ./main.o
                0x000010cc                main
 .text.libgcc   0x0000112e        0x0 d:/eclipse/winavr-20100110/bin/../lib/gcc/avr/4.3.3/avr5\libgcc.a(_exit.o)
 .text.libgcc   0x0000112e        0x0 d:/eclipse/winavr-20100110/bin/../lib/gcc/avr/4.3.3/avr5\libgcc.a(_clear_bss.o)
                0x0000112e                . = ALIGN (0x2)
 *(.fini9)
 .fini9         0x0000112e        0x0 d:/eclipse/winavr-20100110/bin/../lib/gcc/avr/4.3.3/avr5\libgcc.a(_exit.o)
                0x0000112e                exit
                0x0000112e                _exit
 *(.fini9)
 *(.fini8)
 *(.fini8)
 *(.fini7)
 *(.fini7)
 *(.fini6)
 *(.fini6)
 *(.fini5)
 *(.fini5)
 *(.fini4)
 *(.fini4)
 *(.fini3)
 *(.fini3)
 *(.fini2)
 *(.fini2)
 *(.fini1)
 *(.fini1)
 *(.fini0)
 .fini0         0x0000112e        0x4 d:/eclipse/winavr-20100110/bin/../lib/gcc/avr/4.3.3/avr5\libgcc.a(_exit.o)
 *(.fini0)
                0x00001132                _etext = .

.data           0x00800060        0x0 load address 0x00001132
                0x00800060                PROVIDE (__data_start, .)
 *(.data)
 .data          0x00800060        0x0 d:/eclipse/winavr-20100110/bin/../lib/gcc/avr/4.3.3/../../../../avr/lib/avr5/crtm16.o
 .data          0x00800060        0x0 ./DIO_program.o
 .data          0x00800060        0x0 ./GIE_program.o
 .data          0x00800060        0x0 ./RTOS_program.o
 .data          0x00800060        0x0 ./TIMER_program.o
 .data          0x00800060        0x0 ./main.o
 .data          0x00800060        0x0 d:/eclipse/winavr-20100110/bin/../lib/gcc/avr/4.3.3/avr5\libgcc.a(_exit.o)
 .data          0x00800060        0x0 d:/eclipse/winavr-20100110/bin/../lib/gcc/avr/4.3.3/avr5\libgcc.a(_clear_bss.o)
 *(.data*)
 *(.rodata)
 *(.rodata*)
 *(.gnu.linkonce.d*)
                0x00800060                . = ALIGN (0x2)
                0x00800060                _edata = .
                0x00800060                PROVIDE (__data_end, .)

.bss            0x00800060       0x17
                0x00800060                PROVIDE (__bss_start, .)
 *(.bss)
 .bss           0x00800060        0x0 d:/eclipse/winavr-20100110/bin/../lib/gcc/avr/4.3.3/../../../../avr/lib/avr5/crtm16.o
 .bss           0x00800060        0x0 ./DIO_program.o
 .bss           0x00800060        0x0 ./GIE_program.o
 .bss           0x00800060        0x0 ./RTOS_program.o
 .bss           0x00800060        0x0 ./TIMER_program.o
 .bss           0x00800060        0x0 ./main.o
 .bss           0x00800060        0x0 d:/eclipse/winavr-20100110/bin/../lib/gcc/avr/4.3.3/avr5\libgcc.a(_exit.o)
 .bss           0x00800060        0x0 d:/eclipse/winavr-20100110/bin/../lib/gcc/avr/4.3.3/avr5\libgcc.a(_clear_bss.o)
 *(.bss*)
 .bss.systemTasks
                0x00800060       0x15 ./RTOS_program.o
                0x00800060                systemTasks
 .bss.Timer0_pvCompareMatchCallBackFun
                0x00800075        0x2 ./TIMER_program.o
 *(COMMON)
                0x00800077                PROVIDE (__bss_end, .)
                0x00001132                __data_load_start = LOADADDR (.data)
                0x00001132                __data_load_end = (__data_load_start + SIZEOF (.data))

.noinit         0x00800077        0x0
                0x00800077                PROVIDE (__noinit_start, .)
 *(.noinit*)
                0x00800077                PROVIDE (__noinit_end, .)
                0x00800077                _end = .
                0x00800077                PROVIDE (__heap_start, .)

.eeprom         0x00810000        0x0
 *(.eeprom*)
                0x00810000                __eeprom_end = .

.fuse
 *(.fuse)
 *(.lfuse)
 *(.hfuse)
 *(.efuse)

.lock
 *(.lock*)

.signature
 *(.signature*)

.stab           0x00000000     0x141c
 *(.stab)
 .stab          0x00000000      0x930 ./DIO_program.o
 .stab          0x00000930      0x144 ./GIE_program.o
                                0x1b0 (size before relaxing)
 .stab          0x00000a74      0x318 ./RTOS_program.o
                                0x384 (size before relaxing)
 .stab          0x00000d8c      0x4a4 ./TIMER_program.o
                                0x510 (size before relaxing)
 .stab          0x00001230      0x1ec ./main.o
                                0x270 (size before relaxing)

.stabstr        0x00000000      0x7c5
 *(.stabstr)
 .stabstr       0x00000000      0x7c5 ./DIO_program.o

.stab.excl
 *(.stab.excl)

.stab.exclstr
 *(.stab.exclstr)

.stab.index
 *(.stab.index)

.stab.indexstr
 *(.stab.indexstr)

.comment
 *(.comment)

.debug
 *(.debug)

.line
 *(.line)

.debug_srcinfo
 *(.debug_srcinfo)

.debug_sfnames
 *(.debug_sfnames)

.debug_aranges
 *(.debug_aranges)

.debug_pubnames
 *(.debug_pubnames)

.debug_info
 *(.debug_info)
 *(.gnu.linkonce.wi.*)

.debug_abbrev
 *(.debug_abbrev)

.debug_line
 *(.debug_line)

.debug_frame
 *(.debug_frame)

.debug_str
 *(.debug_str)

.debug_loc
 *(.debug_loc)

.debug_macinfo
 *(.debug_macinfo)
OUTPUT(ATMEGA_RTOS.elf elf32-avr)
LOAD linker stubs
